// Jest Snapshot v1, https://goo.gl/fbAQLP

exports[`UserList renders correctly 1`] = `
<Container
  className="mt-5"
  fluid={false}
>
  <Row
    noGutters={false}
  >
    <Col>
      <withRouter(LinkContainer)
        to="/users/create_user"
      >
        <Button
          active={false}
          disabled={false}
          variant="primary"
        >
          Create User
        </Button>
      </withRouter(LinkContainer)>
      <Button
        active={false}
        disabled={false}
        onClick={[Function]}
        variant="danger"
      >
        Delete Selected
      </Button>
    </Col>
  </Row>
  <Row
    noGutters={false}
  >
    <Col>
      <ListGroup />
    </Col>
  </Row>
</Container>
`;
